exports[`test Grid renders correctly 1`] = `
<div
  className="container">
  <table
    className="table">
    <tbody />
  </table>
</div>
`;
